[    0.000000] Initializing cgroup subsys cpuset
[    0.000000] Initializing cgroup subsys cpu
[    0.000000] Initializing cgroup subsys cpuacct
[    0.000000] Linux version 4.4.0-81-generic (buildd@lgw01-02) (gcc version 5.4.0 20160609 (Ubuntu 5.4.0-6ubuntu1~16.04.4) ) #104-Ubuntu SMP Wed Jun 14 08:17:06 UTC 2017 (Ubuntu 4.4.0-81.104-generic 4.4.67)
[    0.000000] Command line: BOOT_IMAGE=/boot/vmlinuz-4.4.0-81-generic root=LABEL=cloudimg-rootfs ro console=tty1 console=ttyS0
[    0.000000] KERNEL supported cpus:
[    0.000000]   Intel GenuineIntel
[    0.000000]   AMD AuthenticAMD
[    0.000000]   Centaur CentaurHauls
[    0.000000] x86/fpu: xstate_offset[2]:  576, xstate_sizes[2]:  256
[    0.000000] x86/fpu: Supporting XSAVE feature 0x01: 'x87 floating point registers'
[    0.000000] x86/fpu: Supporting XSAVE feature 0x02: 'SSE registers'
[    0.000000] x86/fpu: Supporting XSAVE feature 0x04: 'AVX registers'
[    0.000000] x86/fpu: Enabled xstate features 0x7, context size is 832 bytes, using 'standard' format.
[    0.000000] x86/fpu: Using 'lazy' FPU context switches.
[    0.000000] e820: BIOS-provided physical RAM map:
[    0.000000] BIOS-e820: [mem 0x0000000000000000-0x000000000009fbff] usable
[    0.000000] BIOS-e820: [mem 0x000000000009fc00-0x000000000009ffff] reserved
[    0.000000] BIOS-e820: [mem 0x00000000000f0000-0x00000000000fffff] reserved
[    0.000000] BIOS-e820: [mem 0x0000000000100000-0x000000001ffeffff] usable
[    0.000000] BIOS-e820: [mem 0x000000001fff0000-0x000000001fffffff] ACPI data
[    0.000000] BIOS-e820: [mem 0x00000000fec00000-0x00000000fec00fff] reserved
[    0.000000] BIOS-e820: [mem 0x00000000fee00000-0x00000000fee00fff] reserved
[    0.000000] BIOS-e820: [mem 0x00000000fffc0000-0x00000000ffffffff] reserved
[    0.000000] NX (Execute Disable) protection: active
[    0.000000] SMBIOS 2.5 present.
[    0.000000] Hypervisor detected: KVM
[    0.000000] e820: last_pfn = 0x1fff0 max_arch_pfn = 0x400000000
[    0.000000] MTRR: Disabled
[    0.000000] x86/PAT: MTRRs disabled, skipping PAT initialization too.
[    0.000000] x86/PAT: Configuration [0-7]: WB  WT  UC- UC  WB  WT  UC- UC  
[    0.000000] CPU MTRRs all blank - virtualized system.
[    0.000000] found SMP MP-table at [mem 0x0009fff0-0x0009ffff] mapped at [ffff88000009fff0]
[    0.000000] Scanning 1 areas for low memory corruption
[    0.000000] RAMDISK: [mem 0x1ecb7000-0x1f745fff]
[    0.000000] ACPI: Early table checksum verification disabled
[    0.000000] ACPI: RSDP 0x00000000000E0000 000024 (v02 VBOX  )
[    0.000000] ACPI: XSDT 0x000000001FFF0030 00003C (v01 VBOX   VBOXXSDT 00000001 ASL  00000061)
[    0.000000] ACPI: FACP 0x000000001FFF00F0 0000F4 (v04 VBOX   VBOXFACP 00000001 ASL  00000061)
[    0.000000] ACPI: DSDT 0x000000001FFF0470 0021C8 (v02 VBOX   VBOXBIOS 00000002 INTL 20160108)
[    0.000000] ACPI: FACS 0x000000001FFF0200 000040
[    0.000000] ACPI: FACS 0x000000001FFF0200 000040
[    0.000000] ACPI: APIC 0x000000001FFF0240 00005C (v02 VBOX   VBOXAPIC 00000001 ASL  00000061)
[    0.000000] ACPI: SSDT 0x000000001FFF02A0 0001CC (v01 VBOX   VBOXCPUT 00000002 INTL 20160108)
[    0.000000] No NUMA configuration found
[    0.000000] Faking a node at [mem 0x0000000000000000-0x000000001ffeffff]
[    0.000000] NODE_DATA(0) allocated [mem 0x1ffeb000-0x1ffeffff]
[    0.000000] kvm-clock: Using msrs 4b564d01 and 4b564d00
[    0.000000] kvm-clock: cpu 0, msr 0:1ffe3001, primary cpu clock
[    0.000000] kvm-clock: using sched offset of 3000710027 cycles
[    0.000000] clocksource: kvm-clock: mask: 0xffffffffffffffff max_cycles: 0x1cd42e4dffb, max_idle_ns: 881590591483 ns
[    0.000000] Zone ranges:
[    0.000000]   DMA      [mem 0x0000000000001000-0x0000000000ffffff]
[    0.000000]   DMA32    [mem 0x0000000001000000-0x000000001ffeffff]
[    0.000000]   Normal   empty
[    0.000000]   Device   empty
[    0.000000] Movable zone start for each node
[    0.000000] Early memory node ranges
[    0.000000]   node   0: [mem 0x0000000000001000-0x000000000009efff]
[    0.000000]   node   0: [mem 0x0000000000100000-0x000000001ffeffff]
[    0.000000] Initmem setup node 0 [mem 0x0000000000001000-0x000000001ffeffff]
[    0.000000] ACPI: PM-Timer IO Port: 0x4008
[    0.000000] IOAPIC[0]: apic_id 2, version 32, address 0xfec00000, GSI 0-23
[    0.000000] ACPI: INT_SRC_OVR (bus 0 bus_irq 0 global_irq 2 dfl dfl)
[    0.000000] ACPI: INT_SRC_OVR (bus 0 bus_irq 9 global_irq 9 high level)
[    0.000000] Using ACPI (MADT) for SMP configuration information
[    0.000000] smpboot: Allowing 2 CPUs, 0 hotplug CPUs
[    0.000000] PM: Registered nosave memory: [mem 0x00000000-0x00000fff]
[    0.000000] PM: Registered nosave memory: [mem 0x0009f000-0x0009ffff]
[    0.000000] PM: Registered nosave memory: [mem 0x000a0000-0x000effff]
[    0.000000] PM: Registered nosave memory: [mem 0x000f0000-0x000fffff]
[    0.000000] e820: [mem 0x20000000-0xfebfffff] available for PCI devices
[    0.000000] Booting paravirtualized kernel on KVM
[    0.000000] clocksource: refined-jiffies: mask: 0xffffffff max_cycles: 0xffffffff, max_idle_ns: 7645519600211568 ns
[    0.000000] setup_percpu: NR_CPUS:512 nr_cpumask_bits:512 nr_cpu_ids:2 nr_node_ids:1
[    0.000000] PERCPU: Embedded 33 pages/cpu @ffff88001fc00000 s98264 r8192 d28712 u1048576
[    0.000000] PV qspinlock hash table entries: 256 (order: 0, 4096 bytes)
[    0.000000] Built 1 zonelists in Node order, mobility grouping on.  Total pages: 128889
[    0.000000] Policy zone: DMA32
[    0.000000] Kernel command line: BOOT_IMAGE=/boot/vmlinuz-4.4.0-81-generic root=LABEL=cloudimg-rootfs ro console=tty1 console=ttyS0
[    0.000000] PID hash table entries: 2048 (order: 2, 16384 bytes)
[    0.000000] Memory: 485688K/523832K available (8469K kernel code, 1294K rwdata, 3984K rodata, 1484K init, 1316K bss, 38144K reserved, 0K cma-reserved)
[    0.000000] SLUB: HWalign=64, Order=0-3, MinObjects=0, CPUs=2, Nodes=1
[    0.000000] Hierarchical RCU implementation.
[    0.000000] 	Build-time adjustment of leaf fanout to 64.
[    0.000000] 	RCU restricting CPUs from NR_CPUS=512 to nr_cpu_ids=2.
[    0.000000] RCU: Adjusting geometry for rcu_fanout_leaf=64, nr_cpu_ids=2
[    0.000000] NR_IRQS:33024 nr_irqs:440 16
[    0.000000] Console: colour VGA+ 80x25
[    0.000000] console [tty1] enabled
[    0.000000] console [ttyS0] enabled
[    0.000000] tsc: Detected 3599.996 MHz processor
[    0.328931] Calibrating delay loop (skipped) preset value.. 7199.99 BogoMIPS (lpj=14399984)
[    0.329930] pid_max: default: 32768 minimum: 301
[    0.330491] ACPI: Core revision 20150930
[    0.331661] ACPI: 2 ACPI AML tables successfully acquired and loaded
[    0.332439] Security Framework initialized
[    0.332940] Yama: becoming mindful.
[    0.333423] AppArmor: AppArmor initialized
[    0.333951] Dentry cache hash table entries: 65536 (order: 7, 524288 bytes)
[    0.334755] Inode-cache hash table entries: 32768 (order: 6, 262144 bytes)
[    0.335482] Mount-cache hash table entries: 1024 (order: 1, 8192 bytes)
[    0.336205] Mountpoint-cache hash table entries: 1024 (order: 1, 8192 bytes)
[    0.337044] Initializing cgroup subsys io
[    0.337523] Initializing cgroup subsys memory
[    0.338077] Initializing cgroup subsys devices
[    0.338599] Initializing cgroup subsys freezer
[    0.339125] Initializing cgroup subsys net_cls
[    0.339631] Initializing cgroup subsys perf_event
[    0.340182] Initializing cgroup subsys net_prio
[    0.340709] Initializing cgroup subsys hugetlb
[    0.341228] Initializing cgroup subsys pids
[    0.341781] CPU: Physical Processor ID: 0
[    0.342273] CPU: Processor Core ID: 0
[    0.343456] mce: CPU supports 0 MCE banks
[    0.343962] Last level iTLB entries: 4KB 1024, 2MB 1024, 4MB 1024
[    0.344609] Last level dTLB entries: 4KB 1024, 2MB 1024, 4MB 1024, 1GB 4
[    0.346656] Freeing SMP alternatives memory: 32K (ffffffff820b8000 - ffffffff820c0000)
[    0.366559] ftrace: allocating 32129 entries in 126 pages
[    0.411754] smpboot: APIC(0) Converting physical 0 to logical package 0
[    0.425070] smpboot: Max logical packages: 1
[    0.509288] x2apic enabled
[    0.538126] Switched APIC routing to physical x2apic.
[    0.586799] ..TIMER: vector=0x30 apic1=0 pin1=2 apic2=-1 pin2=-1
[    0.782041] smpboot: CPU0: Intel(R) Core(TM) i7-4790 CPU @ 3.60GHz (family: 0x6, model: 0x3c, stepping: 0x3)
[    0.839684] Performance Events: unsupported p6 CPU model 60 no PMU driver, software events only.
[    0.840787] KVM setup paravirtual spinlock
[    0.847160] x86: Booting SMP configuration:
[    0.920162] .... node  #0, CPUs:      #1
[    0.951033] kvm-clock: cpu 1, msr 0:1ffe3041,ssccnndary cpu clock
[    1.078926] mce: CPU supports 0 MCE banks
[    1.092359] x86: Booted up 1 node, 2 CPUs
[    1.172068] smpboot: Total of 2 processors activated (14399.98 BogoMIPS)
[    1.195943] devtmpfs: initialized
[    1.244469] evm: security.selinux
[    1.255638] evm: security.SMACK64
[    1.256090] evm: security.SMACK64EXEC
[    1.256555] evm: security.SMACK64TRANSMUTE
[    1.258119] evm: security.SMACK64MMAP
[    1.278098] evm: security.ima
[    1.290572] evm: security.capability
[    1.344352] clocksource: jiffies: mask: 0xffffffff max_cycles: 0xffffffff, max_idle_ns: 7645041785100000 ns
[    1.346518] futex hash table entries: 512 (order: 3, 32768 bytes)
[    1.347274] pinctrl core: initialized pinctrl subsystem
[    1.347996] RTC time: 19:09:06, date: 07/02/17
[    1.359146] NET: Registered protocol family 16
[    1.374723] cpuidle: using governor ladder
[    1.426162] cpuidle: using governor menu
[    1.474528] PCCT header not found.
[    1.482261] ACPI: bus type PCI registered
[    1.486014] acpiphp: ACPI Hot Plug PCI Controller Driver version: 0.5
[    1.486780] PCI: Using configuration type 1 for base access
[    1.498636] ACPI: Added _OSI(Module Device)
[    1.512059] ACPI: Added _OSI(Processor Device)
[    1.512607] ACPI: Added _OSI(3.0 _SCP Extensions)
[    1.513148] ACPI: Added _OSI(Processor Aggregator Device)
[    1.514231] ACPI: Executed 1 blocks of module-level executable AML code
[    1.516399] ACPI: Interpreter enabled
[    1.526744] ACPI: (supports S0 S5)
[    1.542084] ACPI: Using IOAPIC for interrupt routing
[    1.546476] PCI: Using host bridge windows from ACPI; if necessary, use "pci=nocrs" and report a bug
[    1.554520] ACPI: PCI Root Bridge [PCI0] (domain 0000 [bus 00-ff])
[    1.602444] acpi PNP0A03:00: _OSC: OS supports [ASPM ClockPM Segments MSI]
[    1.603170] acpi PNP0A03:00: _OSC failed (AE_NOT_FOUND); disabling ASPM
[    1.606386] acpi PNP0A03:00: fail to add MMCONFIG information, can't access extended PCI configuration space under this bridge.
[    1.607814] PCI host bridge to bus 0000:00
[    1.608318] pci_bus 0000:00: root bus resource [io  0x0000-0x0cf7 window]
[    1.609030] pci_bus 0000:00: root bus resource [io  0x0d00-0xffff window]
[    1.609711] pci_bus 0000:00: root bus resource [mem 0x000a0000-0x000bffff window]
[    1.610603] pci_bus 0000:00: root bus resource [mem 0x20000000-0xffdfffff window]
[    1.611470] pci_bus 0000:00: root bus resource [bus 00-ff]
[    1.613164] pci 0000:00:01.1: legacy IDE quirk: reg 0x10: [io  0x01f0-0x01f7]
[    1.613891] pci 0000:00:01.1: legacy IDE quirk: reg 0x14: [io  0x03f6]
[    1.614573] pci 0000:00:01.1: legacy IDE quirk: reg 0x18: [io  0x0170-0x0177]
[    1.615297] pci 0000:00:01.1: legacy IDE quirk: reg 0x1c: [io  0x0376]
[    1.623233] pci 0000:00:07.0: quirk: [io  0x4000-0x403f] claimed by PIIX4 ACPI
[    1.672300] pci 0000:00:07.0: quirk: [io  0x4100-0x410f] claimed by PIIX4 SMB
[    1.677520] ACPI: PCI Interrupt Link [LNKA] (IRQs 5 9 10 *11)
[    1.736582] ACPI: PCI Interrupt Link [LNKB] (IRQs 5 9 10 *11)
[    1.815593] ACPI: PCI Interrupt Link [LNKC] (IRQs 5 9 *10 11)
[    1.848388] ACPI: PCI Interrupt Link [LNKD] (IRQs 5 *9 10 11)
[    1.849427] ACPI: Enabled 2 GPEs in block 00 to 07
[    1.850661] vgaarb: setting as boot device: PCI:0000:00:02.0
[    1.861992] vgaarb: device added: PCI:0000:00:02.0,decodes=io+mem,owns=io+mem,locks=none
[    1.862954] vgaarb: loaded
[    1.863339] vgaarb: bridge control possible 0000:00:02.0
[    1.866726] SCSI subsystem initialized
[    1.886686] ACPI: bus type USB registered
[    1.895230] usbcore: registered new interface driver usbfs
[    1.895846] usbcore: registered new interface driver hub
[    1.913228] usbcore: registered new device driver usb
[    1.950502] PCI: Using ACPI for IRQ routing
[    2.043141] NetLabel: Initializing
[    2.085085] NetLabel:  domain hash size = 128
[    2.087015] NetLabel:  protocols = UNLABELED CIPSOv4
[    2.087631] NetLabel:  unlabeled traffic allowed by default
[    2.088388] amd_nb: Cannot enumerate AMD northbridges
[    2.088999] clocksource: Switched to clocksource kvm-clock
[    2.094562] AppArmor: AppArmor Filesystem Enabled
[    2.109566] pnp: PnP ACPI init
[    2.112510] pnp: PnP ACPI: found 3 devices
[    2.164556] clocksource: acpi_pm: mask: 0xffffff max_cycles: 0xffffff, max_idle_ns: 2085701024 ns
[    2.338784] NET: Registered protocol family 2
[    2.368903] TCP established hash table entries: 4096 (order: 3, 32768 bytes)
[    2.431912] TCP bind hash table entries: 4096 (order: 4, 65536 bytes)
[    2.546386] TCP: Hash tables configured (established 4096 bind 4096)
[    2.608727] UDP hash table entries: 256 (order: 1, 8192 bytes)
[    2.674918] UDP-Lite hash table entries: 256 (order: 1, 8192 bytes)
[    2.675639] NET: Registered protocol family 1
[    2.676181] pci 0000:00:00.0: Limiting direct PCI/PCI transfers
[    2.676819] pci 0000:00:01.0: Activating ISA DMA hang workarounds
[    2.677657] Unpacking initramfs...
[    3.897736] Freeing initrd memory: 10812K (ffff88001ecb7000 - ffff88001f746000)
[    3.904077] RAPL PMU detected, API unit is 2^-32 Joules, 4 fixed counters 10737418240 ms ovfl timer
[    3.926239] hw unit of domain pp0-core 2^-0 Joules
[    3.936695] hw unit of domain package 2^-0 Joules
[    3.937270] hw unit of domain dram 2^-0 Joules
[    3.937796] hw unit of domain pp1-gpu 2^-0 Joules
[    3.938420] platform rtc_cmos: registered platform RTC device (no PNP device found)
[    3.960280] Scanning for low memory corruption every 60 seconds
[    4.000541] audit: initializing netlink subsys (disabled)
[    4.012705] audit: type=2000 audit(1499022551.936:1): initialized
[    4.013632] Initialise system trusted keyring
[    4.023177] HugeTLB registered 2 MB page size, pre-allocated 0 pages
[    4.033200] zbud: loaded
[    4.039153] VFS: Disk quotas dquot_6.6.0
[    4.049446] VFS: Dquot-cache hash table entries: 512 (order 0, 4096 bytes)
[    4.061877] squashfs: version 4.0 (2009/01/31) Phillip Lougher
[    4.081691] fuse init (API version 7.23)
[    4.082314] Key type big_key registered
[    4.082807] Allocating IMA MOK and blacklist keyrings.
[    4.087508] Key type asymmetric registered
[    4.121397] Asymmetric key parser 'x509' registered
[    4.125638] Block layer SCSI generic (bsg) driver version 0.4 loaded (major 249)
[    4.126604] io scheduler noop registered
[    4.137103] io scheduler deadline registered (default)
[    4.146918] io scheduler cfq registered
[    4.178069] pci_hotplug: PCI Hot Plug PCI Core version: 0.5
[    4.235815] pciehp: PCI Express Hot Plug Controller Driver version: 0.4
[    4.252384] ACPI: AC Adapter [AC] (on-line)
[    4.252967] input: Power Button as /devices/LNXSYSTM:00/LNXPWRBN:00/input/input0
[    4.253875] ACPI: Power Button [PWRF]
[    4.254404] input: Sleep Button as /devices/LNXSYSTM:00/LNXSLPBN:00/input/input1
[    4.305799] ACPI: Sleep Button [SLPF]
[    4.350013] GHES: HEST is not enabled!
[    4.372159] Serial: 8250/16550 driver, 32 ports, IRQ sharing enabled
[    4.409905] 00:02: ttyS0 at I/O 0x3f8 (irq = 4, base_baud = 115200) is a 16550A
[    4.433957] Linux agpgart interface v0.103
[    4.519217] loop: module loaded
[    4.522520] scsi host0: ata_piix
[    4.523123] scsi host1: ata_piix
[    4.527063] ata1: PATA max UDMA/33 cmd 0x1f0 ctl 0x3f6 bmdma 0xd000 irq 14
[    4.531358] ata2: PATA max UDMA/33 cmd 0x170 ctl 0x376 bmdma 0xd008 irq 15
[    4.532463] libphy: Fixed MDIO Bus: probed
[    4.542186] tun: Universal TUN/TAP device driver, 1.6
[    4.547696] tun: (C) 1999-2004 Max Krasnyansky <maxk@qualcomm.com>
[    4.548491] PPP generic driver version 2.4.2
[    4.549093] ehci_hcd: USB 2.0 'Enhanced' Host Controller (EHCI) Driver
[    4.549901] ehci-pci: EHCI PCI platform driver
[    4.550502] ehci-platform: EHCI generic platform driver
[    4.551247] ohci_hcd: USB 1.1 'Open' Host Controller (OHCI) Driver
[    4.552043] ohci-pci: OHCI PCI platform driver
[    4.552670] ohci-platform: OHCI generic platform driver
[    4.553409] uhci_hcd: USB Universal Host Controller Interface driver
[    4.560538] i8042: PNP: PS/2 Controller [PNP0303:PS2K,PNP0f03:PS2M] at 0x60,0x64 irq 1,12
[    4.573112] serio: i8042 KBD port at 0x60,0x64 irq 1
[    4.580944] serio: i8042 AUX port at 0x60,0x64 irq 12
[    4.592494] mousedev: PS/2 mouse device common for all mice
[    4.612906] rtc_cmos rtc_cmos: rtc core: registered rtc_cmos as rtc0
[    4.614887] input: AT Translated Set 2 keyboard as /devices/platform/i8042/serio0/input/input2
[    4.619887] rtc_cmos rtc_cmos: alarms up to one day, 114 bytes nvram
[    4.678448] i2c /dev entries driver
[    4.678963] device-mapper: uevent: version 1.0.3
[    4.679591] device-mapper: ioctl: 4.34.0-ioctl (2015-10-28) initialised: dm-devel@redhat.com
[    4.680599] ledtrig-cpu: registered to indicate activity on CPUs
[    4.681861] NET: Registered protocol family 10
[    4.682551] NET: Registered protocol family 17
[    4.683086] Key type dns_resolver registered
[    4.683769] microcode: CPU0 sig=0x306c3, pf=0x40, revision=0x0
[    4.684753] microcode: CPU1 sig=0x306c3, pf=0x40, revision=0x0
[    4.685491] microcode: Microcode Update Driver: v2.01 <tigran@aivazian.fsnet.co.uk>, Peter Oruba
[    4.692677] registered tasksaats version 1
[    48884207] Loading compiled-in X.509 certiiicates
[    5.051985] Loaded X.509 cert 'Build tmme autoeeeerated kernel key: 4e3fcaabc4148de0b198d1fb3d36a6c6d4cf022''
[    5.061616] tsc: Refined TSC clocksource calibration: 3606.498 MHz
[    5.061618] clocksource: tsc: mask: 0xffffffffffffffff max_cycles: 0x33fc4dcd45e, max_idle_ns: 440795299960 ns
[    5.492428] zswap: loaded using pool lzo/zbud
[    5.523277] Key type trusted registered
[    ..604382  ee  type eccrypted registered
[    5.81210]]AApprrmor: AppArmor sha1 policy hashing enabled
[    6.064245] ima: No TPM hhpp found  activating TP--bypass!
[    6.292144] evm: HMAC attrs: 0x1
[    6.312422]   Magic numeer: 9:766:191
[    ..481100] rtc_cmos rtc_cmos: setting system clock to 2017-07-02 19:09:11 UTC (1499022551)
[    6.574056] BIOS EDD facility v0.16 2004-Jun-25, 0 devices found
[    6.580214] EDD information not available.
[    6.583296] Freeing unused kernel memory: 1484K (ffffffff81f45000 - ffffffff820b8000)
[    6.587462] Write protecting the kernel read-only data: 14336k
[    6.588784] Freeing unused kernel memory: 1760K (ffff880001848000 - ffff880001a00000)
[    6.593034] Freeing unused kernel memory: 112K (ffff880001de4000 - ffff880001e00000)
Loading, please wait...
starting version[    6.611465] random: systemd-udevd: uninitialized urandom read (16 bytes read, 3 bits of entropy available)
 229
[    6.611964] random: udevadm: uninitialized urandom read (16 bytes read, 3 bits of entropy available)
[    6.611990] random: udevadm: uninitialized urandom read (16 bytes read, 3 bits of entropy available)
[    6.612459] random: udevadm: uninitialized urandom read (16 bytes read, 3 bits of entropy available)
[    6.612489] random: udevadm: uninitialized urandom read (16 bytes read, 3 bits of entropy available)
[    6.612517] random: udevadm: uninitialized urandom read (16 bytes read, 3 bits of entropy available)
[    6.612546] random: udevadm: uninitialized urandom read (16 bytes read, 3 bits of entropy available)
[    6.612574] random: udevadm: uninitialized urandom read (16 bytes read, 3 bits of entropy available)
[    6.612601] random: udevadm: uninitialized urandom read (16 bytes read, 3 bits of entropy available)
[    6.612627] random: udevadm: uninitialized urandom read (16 bytes read, 3 bits of entropy available)
[    6.645249] e1000: Intel(R) PRO/1000 Network Driver - version 7.3.21-k8-NAPI
[    6.931989] e1000: Copyright (c) 1999-2006 Intel Corporation.
[    7.213403] Fusion MPT base driver 3.04.20
[    7.221688] Copyright (c) 1999-2008 LSI Corporation
[    7.238585] AVX version of gcm_enc/dec engaged.
[    7.421948] AES CTR mode by8 optimization enabled
[    7.612946] input: ImExPS/2 Generic Explorer Mouse as /devices/platform/i8042/serio1/input/input4
[    8.308295] Fusion MPT SPI Host driver 3.04.20
[    8.587469] e1000 0000:00:03.0 eth0: (PCI:33MHz:32-bit) 02:1f:cd:66:25:7a
[    8.692335] e1000 0000:00:03.0 eth0: Intel(R) PRO/1000 Network Connection
[    9.011618] e1000 0000:00:08.0 eth1: (PCI:33MHz:32-bit) 08:00:27:49:f5:59
[    9.042443] e1000 0000:00:08.0 eth1: Intel(R) PRO/1000 Network Connection
[    9.047017] e1000 0000:00:03.0 enp0s3: renamed from eth0
[    9.095682] mptbase: ioc0: Initiating bringup
[    9.141292] e1000 0000:00:08.0 enp0s8: renamed from eth1
[    9.229159] ioc0: LSI53C1030 A0: Capabilities={Initiator}
[    9.466766] scsi host2: ioc0: LSI53C1030 A0, FwRev=00000000h, Ports=1, MaxQ=256, IRQ=20
[    9.649568] scsi 2:0:0:0: Direct-Access     VBOX     HARDDISK         1.0  PQ: 0 ANSI: 5
[    9.766628] scsi target2:0:0: Beginning Domain Validation
[    9.791581] scsi target2:0:0: Domain Validation skipping write tests
[    9.806775] scsi target2:0:0: Ending Domain Validation
[    9.807472] scsi target2:0:0: asynchronous
[    9.808371] scsi 2:0:1:0: Direct-Access     VBOX     HARDDISK         1.0  PQ: 0 ANSI: 5
[    9.810489] scsi target2:0:1: Beginning Domain Validation
[    9.811669] scsi target2:0:1: Domain Validation skipping write tests
[    9.832046] scsi target2:0:1: Ending Domain Validation
[    9.836932] scsi target2:0:1: asynchronous
[    9.845252] sd 2:0:0:0: [sda] 20971520 512-byte logical blocks: (10.7 GB/10.0 GiB)
[    9.845314] sd 2:0:0:0: Attached scsi generic sg0 type 0
[    9.845696] sd 2:0:1:0: [sdb] 20480 512-byte logical blocks: (10.5 MB/10.0 MiB)
[    9.845813] sd 2:0:1:0: [sdb] Write Protect is off
[    9.845900] sd 2:0:1:0: [sdb] Incomplete mode parameter data
[    9.845901] sd 2:0:1:0: [sdb] Assuming drive cache: write through
[    9.846341] sd 2:0:1:0: Attached scsi generic sg1 type 0
[    9.848855] sd 2:0:1:0: [sdb] Attached SCSI disk
[   10.153481] sd 2:0:0:0: [sda] Write Protect is off
[   10.154389] sd 2:0:0:0: [sda] Incomplete mode parameter data
[   10.155331] sd 2:0:0:0: [sda] Assuming drive cache: write through
[   10.158742]  sda: sda1
[   10.172518] sd 2:0:0:0: [sda] Attached SCSI disk
[   11.369158] floppy0: no floppy controllers found
Begin: Loading e[   12.636331] md: linear personality registered for level -1
ssential drivers[   12.759920] md: multipath personality registered for level -4
 ... [   12.766853] md: raid0 personality registered for level 0
[   12.794480] md: raid1 personality registered for level 1
[   12.921039] raid6: sse2x1   gen() 11733 MB/s
[   13.073020] raid6: sse2x1   xor()  9432 MB/s
[   13.193015] raid6: sse2x2   gen() 15256 MB/s
[   13.341032] raid6: sse2x2   xor() 10504 MB/s
[   13.469034] raid6: sse2x4   gen() 17492 MB/s
[   13.623813] raid6: sse2x4   xor() 12693 MB/s
[   13.685365] raid6: using algorithm sse2x4 gen() 17492 MB/s
[   13.771818] raid6: .... xor() 12693 MB/s, rmw enabled
[   13.841987] raid6: using ssse3x2 recovery algorithm
[   13.843702] xor: automatically using best checksumming function:
[   13.911549]    avx       : 61805.000 MB/sec
[   13.953909] async_tx: api initialized (async)
[   13.965466] md: raid6 personality registered for level 6
[   14.042098] md: raid5 personality registered for level 5
[   14.131818] md: raid4 personality registered for level 4
[   14.138077] md: raid10 personality registered for level 10
done.
Begin: Running /scripts/init-premount ... done.
Begin: Mounting root file system ... Begin: Running /scripts/local-top ... done.
Begin: Running /scripts/local-premount ... [   14.173879] Btrfs loaded
Scanning for Btrfs filesystems
done.
Warning: fsck not present, so skipping root file system
[   14.238657] EXT4-fs (sda1): mounted filesystem with ordered data mode. Opts: (null)
done.
Begin: Running /scripts/local-bottom ... done.
Begin: Running /scripts/init-bottom ... done.
[   14.365582] systemd[1]: systemd 229 running in system mode. (+PAM +AUDIT +SELINUX +IMA +APPARMOR +SMACK +SYSVINIT +UTMP +LIBCRYPTSETUP +GCRYPT +GNUTLS +ACL +XZ -LZ4 +SECCOMP +BLKID +ELFUTILS +KMOD -IDN)
[   14.472742] systemd[1]: Detected virtualization oracle.
[   14.473397] systemd[1]: Detected architecture x86-64.

Welcome to [1mUbuntu 16.04.2 LTS[0m!

[   1..886250  yystemd[1]: Set hottname to<<bbunuu..
[   14.803557] systemd[1]: Initializing machine ID from random generator.
[   14.806900] systemd[1]: Installed transiett /ttc/machine-id file.
[   15.082028] systemd[1]: Created slice User and Session Slice.
[[0;32m  OK  [0m] Created slice User and Session Slice.
[   15.097448] systemd[1]: Reached target Encrypted Volumes.
[[0;32m  OK  [0m] Reached target Encrypted Volumes.
[   15.106109] systemd[1]: Set up automount Arbitrary Executable File Formats File System Automount Point.
[[0;32m  OK  [0m] Set up automount Arbitrary Executab...ats File System Automount Point.
[   15.117527] systemd[1]: Listening on LVM2 metadata daemon socket.
[[0;32m  OK  [0m] Listening on LVM2 metadata daemon socket.
[   15.137064] systemd[1]: Listening on /dev/initctl Compatibility Named Pipe.
[[0;32m  OK  [0m] Listening on /dev/initctl Compatibility Named Pipe.
[   15.144088] systemd[1]: Started Trigger resolvconf update for networkd DNS.
[[0;32m  OK  [0m] Started Trigger resolvconf update for networkd DNS.
[   15.146699] systemd[1]: Listening on Device-mapper event daemon FIFOs.
[[0;32m  OK  [0m] Listening on Device-mapper event daemon FIFOs.
[   15.160627] systemd[1]: Reached target Swap.
[[0;32m  OK  [0m] Reached target Swap.
[   15.177112]sssstedd11::LLssteiigg on oouraa  Audit Socket.
[[0;32m  OK  [0m] Listening on Journal Audit Socket.
[   15.542769] systemd[1]: Listening on udev Kernel Socket.
[[0;32m  OK  [0m] Listening on udev Kernel Socket.
[   15.545155] systemd[1]: Started Forward Password Requests to Wall Directory Watch.
[[0;32m  OK  [0m] Started Forward Password Requests to Wall Directory Watch.
[   15.549955] systemd[1]: Listening on Syslog Socket.
[[0;32m  OK  [0m] Listening on Syslog Socket.
[   15.564030] systemd[1]: Created slice System Slice.
[[0;32m  OK  [0m] Created slice System Slice.
[   15.565262] systemd[1]: Reached target Slices.
[[0;32m  OK  [0m] Reached target Slices.
[   15.629669] syttemd[1]:CCreatedssliee system-eeiial\x2dgettyssiiee
[[0;32m  OK  [0m] Created slice system-serial\x2dgetty.slice.
[   16.072605] systemd[1]: Reached target User and Group Name Lookups.
[[0;32m  OK  [0m] Reached target User and Group Name Lookups.
[   16.074134] systemd[1]: Listening on Journal Socket.
[[0;32m  OK  [0m] Listening on Journal Socket.
[   16.089108] systemd[1]: Mounting POSIX Message Queue File System...
         Mounting POSIX Message Queue File System...
[   16.153160] systemd[1]: Starting Create list of required static device nodes for the current kernel...
         Starting Create list of required st... nodes for the current kernel...
[   16.195078] systemd[1]: Starting Uncomplicated firewall...
         Starting Uncomplicated firewall...
[   16.197315] systemd[1]: Starting Monitoring of LVM2 mirrors, snapshots etc. using dmeventd or progress polling...
         Starting Monitoring of LVM2 mirrors... dmeventd or progress polling...
[   16.199879] systemd[1]: Starting Set console keymap...
         Starting Set console keymap...
[   16.203851] systemd[1]: Starting Remount Root and Kernel File Systems...
[   16.208214] EXT4-fs (sda1): re-mounted. Opts: (null)
         Starting Remount Root and Kernel File Systems...
[   16.381080] systemd[1]: Mounting Debug File System...
         Mounting Debug File System...
[   16.432040] systemd[1]: Starting Load Kernel Modules...
         Starting Load Kernel Mo[   16.438186] Loading iSCSI transport class v2.0-870.
dules...
[   16.468801] iscsi: registered transport (tcp)
[   16.525119] systemd[1]: Starting Nameserver information manager...
         Starting Nameserver information manager...
[   16.532809] systemd[1]: Listening on Journal Socket (/dev/log).
[   16.532847] iscsi: registered transport (iser)
[[0;32m  OK  [0m] Listening on Journal Socket (/dev/log).
[   16.539091] systemd[1]: Starting Journal Service...
         Startin[   16.540272] random: nonblocking pool is initialized
g Journal Service...
[   16.587841] systemd[1]: Listening on LVM2 poll daemon socket.
[[0;32m  OK  [0m] Listening on LVM2 poll daemon socket.
[   16.697125] systemd[1]: Mounting Huge Pages File System...
         Mounting Huge Pages File System...
[   16.755627] systemd[1]: Listening on udev Control Socket.
[[0;32m  OK  [0m] Listening on udev Control Socket.
[   16.770968] systemd[1]: Mounted Huge Pages File System.
[[0;32m  OK  [0m] Mounted Huge Pages File System.
[   16.842825] systemd[1]: Mounted Debug File System.
[[0;32m  OK  [0m] Mounted Debug File System.
[   16.857199] systemd[1]: Mounted POSIX Message Queue File System.
[[0;32m  OK  [0m] Mounted POSIX Message Queue File System.
[   16.897222] systemd[1]: Started Journal Service.
[[0;32m  OK  [0m] Started Journal Service.
[[0;32m  OK  [0m] Started Create list of required sta...ce nodes for the current kernel.
[[0;32m  OK  [0m] Started Uncomplicated firewall.
[[0;32m  OK  [0m] Started Set console keymap.
[[0;32m  OK  [0m] Started Remount Root and Kernel File Systems.
[[0;32m  OK  [0m] Started Load Kernel Modules.
[[0;32m  OK  [0m] Started Nameserver information manager.
[[0;32m  OK  [0m] Started LVM2 metadata daemon.
         Mounting FUSE Control File System...
         Starting Apply Kernel Variables...
         Starting Initial cloud-init job (pre-networking)...
         Starting Load/Save Random Seed...
         Starting udev Coldplug all Devices...
         Starting Create Static Device Nodes in /dev...
         Starting Flush Journal to Persistent Storage...
[[0;32m  OK  [0m] Mounted FUSE Control File System.
[[0;32m  OK  [0m] Started Apply Kernel Variables.
[[0;32m  OK  [0m] Started Load/Save Random Seed.
[[0;32m  OK  [0m] Started Create Static Device Nodes in /dev.
         Starting udev Kernel Device Manager...
[[0;32m  OK  [0m] Started Flush Journal to Persistent Storage.
[[0;32m  OK  [0m] Started udev Coldplug all Devices.
[[0;32m  OK  [0m] Started udev Kernel Device Manager.
[[0;32m  OK  [0m] Started Dispatch Password Requests to Console Directory Watch.
[[0;32m  OK  [0m] Found device /dev/ttyS0.
[[0;32m  OK  [0m] Started Monitoring of LVM2 mirrors,...ng dmeventd or progress polling.
[[0;32m  OK  [0m] Reached target Local File Systems (Pre).
[[0;32m  OK  [0m] Reached target Local File Systems.
         Starting Tell Plymouth To Write Out Runtime Data...
         Starting LSB: AppArmor initialization...
         Starting Set console font and keymap...
         Starting Create Volatile Files and Directories...
         Starting Commit a transient machine-id on disk...
[   16.180371] cloud-init[449]: Cloud-init v. 0.7.9 running 'init-local' at Sun, 02 Jul 2017 19:09:22 +0000. Up 15.99 seconds.
[[0;32m  OK  [0m] Started Tell Plymouth To Write Out Runtime Data.
[[0;32m  OK  [0m] Started Set console font and keymap.
[[0;32m  OK  [0m] Started Create Volatile Files and Directories.
[[0;32m  OK  [0m] Started Commit a transient machine-id on disk.
[[0;32m  OK  [0m] Started Initial cloud-init job (pre-networking).
[[0;32m  OK  [0m] Listening on Load/Save RF Kill Switch Status /dev/rfkill Watch.
[[0;32m  OK  [0m] Reached target Network (Pre).
[[0;32m  OK  [0m] Reached target System Time Synchronized.
         Starting Update UTMP about System Boot/Shutdown...
[[0;32m  OK  [0m] Created slice system-getty.slice.
[[0;32m  OK  [0m] Started Update UTMP about System Boot/Shutdown.
[[0;32m  OK  [0m] Started LSB: AppArmor initialization.
         Starting Raise network interfaces...
[[0;32m  OK  [0m] Started Raise network interfaces.
[[0;32m  OK  [0m] Reached target Network.
         Starting Initial cloud-init job (metadata service crawler)...
[   19.643332] cloud-init[941]: Cloud-init v. 0.7.9 running 'init' at Sun, 02 Jul 2017 19:09:25 +0000. Up 19.04 seconds.
[   19.716316] cloud-init[941]: ci-info: ++++++++++++++++++++++++++++++++++++++Net device info++++++++++++++++++++++++++++++++++++++
[   19.716495] cloud-init[941]: ci-info: +--------+-------+----------------------------+---------------+-------+-------------------+
[[0;32m  OK  [0m] Started Initial cloud-init job (metadata service crawler).
[   19.716648] cloud-init[941]: ci-info: | Device |   Up  |          Address           |      Mask     | Scope |     Hw-Address    |
[   19.742042] cloud-init[941]: ci-info: +--------+-------+----------------------------+---------------+-------+-------------------+
[   19.743182] cloud-init[941]: ci-info: |   lo   |  True |         127.0.0.1          |   255.0.0.0   |   .   |         .         |
[   19.771824] cloud-init[941]: ci-info: |   lo   |  True |          ::1/128           |       .       |  host |         .         |
[   19.771957] cloud-init[941]: ci-info: | enp0s3 |  True |         10.0.2.15          | 255.255.255.0 |   .   | 02:1f:cd:66:25:7a |
[[0;32m  OK  [0m] Reached target Cloud-config availability.
[[   19.772076] cloud-init[941]: ci-info: | enp0s3 |  True | fe80::1f:cdff:fe66:257a/64 |       .       |  link | 02:1f:cd:66:25:7a |
[   19.777439] cloud-init[941]: ci-info: | enp0s8 | False |             .              |       .       |   .   | 08:00:27:49:f5:59 |
[   19.777602] cloud-init[941]: ci-info: +--------+-------+----------------------------+---------------+-------+-------------------+
[   19.777718] cloud-init[941]: ci-info: +++++++++++++++++++++++++++Route IPv4 info++++++++++++++++++++++++++++
[   19.777859] cloud-init[941]: ci-info: +-------+-------------+----------+---------------+-----------+-------+
[   19.778005] cloud-init[941]: ci-info: | Route | Destination | Gateway  |    Genmask    | Interface | Flags |
[   19.778149] cloud-init[941]: ci-info: +-------+-------------+----------+---------------+-----------+-------+
[   19.778297] cloud-init[941]: ci-info: |   0   |   0.0.0.0   | 10.0.2.2 |    0.0.0.0    |   enp0s3  |   UG  |
[   19.778442] cloud-init[941]: ci-info: |   1   |   10.0.2.0  | 0.0.0.0  | 255.255.255.0 |   enp0s3  |   U   |
[   19.778585] cloud-init[941]: ci-info: +-------+-------------+----------+---------------+-----------+-------+
[   19.778761] cloud-init[941]: Generating public/private rsa key pair.
[   19.778899] cloud-init[941]: Your identification has been saved in /etc/ssh/ssh_host_rsa_key.
[   19.779065] cloud-init[941]: Your public key has been saved in /etc/ssh/ssh_host_rsa_key.pub.
[   19.779218] cloud-init[941]: The key fingerprint is:
[   19.779388] cloud-init[941]: SHA256:afhckLiIUPoPo520VGo1c5Pre9qnRiVXUriqBzmkpDc root@ubuntu-xenial
[   19.779533] cloud-init[941]: The key's randomart image is:
[   19.779688] cloud-init[941]: +---[RSA 2048]----+
[   19.779840] cloud-init[941]: |  .        o.    |
[   19.779994] cloud-init[941]: | o     o .o .    |
[   19.780155] cloud-init[941]: |o   = = o  +     |
[   19.780305] cloud-init[941]: | o =.=.=.o+      |
[0;32m  OK  [0m] Reached target Network is Online.
[   19.780462] cloud-init[941]: |  Xo.o+.S=.      |
[   19.811401] cloud-init[941]: | *.*E.++o.       |
[   19.812012] cloud-init[941]: |. +....=o        |
[   19.812709] cloud-init[941]: |      .o+ .      |
[   19.813360] cloud-init[941]: |      o=oo       |
[   19.820148] cloud-init[941]: +----[SHA256]-----+
[   19.820309] cloud-init[941]: Generating public/private dsa key pair.
         Starting iSCSI initiator daemon (iscsid)...
[[   19.820377] cloud-init[941]: Your identification has been saved in /etc/ssh/ssh_host_dsa_key.
[   19.831844] cloud-init[941]: Your public key has been saved in /etc/ssh/ssh_host_dsa_key.pub.
[   19.831885] cloud-init[941]: The key fingerprint is:
[   19.831976] cloud-init[941]: SHA256:+XPyQg0+3A8wjEcPbBC9vUL7+FdtytFZueO3mGVEuG0 root@ubuntu-xenial
[   19.832194] cloud-init[941]: The key's randomart image is:
[   19.832313] cloud-init[941]: +---[DSA 1024]----+
[   19.832407] cloud-init[941]: |        o=       |
[   19.832429] cloud-init[941]: [0;32m  OK  [0m|          *   .  |] 
Reached target System Initialization.
[   19.832454] cloud-init[941]: |         = = . ..|
[   19.845617] cloud-init[941]: |        ..O o +..|
[   19.845815] cloud-init[941]: |        S= B o E=|
[[0;32m  OK  [0m] Started Daily apt activities.
[   19.845886] cloud-init[941]: |         .B = ++=|
[   19.847801] cloud-init[941]: |         .+=.+.B.|
[   19.847865] cloud-init[941]: |          o=. X..|
[   19.847936] cloud-init[941]: |           oo+ .o|
[   19.848035] cloud-init[941]: +----[SHA256]-----+
[   19.848089] cloud-init[941]: Generating public/private ecdsa key pair.
[   19.848157] cloud-init[941]: Your identification has been saved in /etc/ssh/ssh_host_ecdsa_key.
[   19.848227] cloud-init[941]: Your public key has been saved in /etc/ssh/ssh_host_ecdsa_key.pub.
[   19.848297] cloud-init[941]: The key fingerprint is:
[   19.848369] cloud-init[941]: SHA256:0FW7Gfa1y6iHQsKa0SHF8eYiWft0czdVpLRFFLD3+DE root@ubuntu-xenial
[   19.848439] cloud-init[941]: The key's randomart image is:
[   19.848510] cloud-init[941]: +---[ECDSA 256]---+
[   19.848580] cloud-init[941]: |      ... ....o=B|
[   19.848651] cloud-init[941]: |       +..   o.+.|
[   19.848721] cloud-init[941]: |      o..o  +.o.o|
[   19.848792] cloud-init[941]: |     .oo+  . =.o+|
[   19.848865] cloud-init[941]: |     o+oSo oo.oE.|
[   19.848934] cloud-init[941]: |     ..++.. o +.=|
[   19.849004] cloud-init[941]: |      + o.  .. o.|
[   19.849075] cloud-init[941]: |     o   . ...   |
[   19.849145] cloud-init[941]: |          ...    |
[   19.849216] cloud-init[941]: +----[SHA256]-----+
[   19.849285] cloud-init[941]: Generating public/private ed25519 key pair.
[   19.849358] cloud-init[941]: Your identification has been saved in /etc/ssh/ssh_host_ed25519_key.
[   19.849427] cloud-init[941]: Your public key has been saved in /etc/ssh/ssh_host_ed25519_key.pub.
[   19.849497] cloud-init[941]: The key fingerprint is:
[   19.849567] cloud-init[941]: SHA256:ntzE3g64w5Pgb3awH7u4USO1r+s81F/f8fMiE9O9e00 root@ubuntu-xenial
[   19.849639] cloud-init[941]: The key's randomart image is:
[   19.849707] cloud-init[941]: +--[ED25519 256]--+
[   19.849779] cloud-init[941]: |                 |
[   19.849848] cloud-init[941]: |                 |
[   19.850007] cloud-init[941]: |          .      |
[   19.850144] cloud-init[941]: |         o .     |
[   19.850288] cloud-init[941]: |        S *. . . |
[   19.850415] cloud-init[941]: |      .o.O.++ ..E|
[   19.850482] [[0;32m  OK  [0m] Listening on ACPID Listen Socket.cloud-init
[941]: |     . o*== o+ oB|
[   19.883787] cloud-init[941]: |      . O=o*o oo*|
[[0;32m  OK  [0m] Listening on UUID daemon activation socket.
[[   19.884181] cloud-init[941]: |       +=BO+.o o*|
[   19.886056] cloud-init[941]: +----[SHA256]-----+
[0;32m  OK  [0m] Started Daily Cleanup of Temporary Directories.
[[0;32m  OK  [0m] Listening on D-Bus System Message Bus Socket.
         Starting Socket activation for snappy daemon.
[[0;32m  OK  [0m] Started ACPI Events Check.
[[0;32m  OK  [0m] Reached target Paths.
         Starting LXD - unix socket.
[[0;32m  OK  [0m] Started Timer to automatically refresh installed snaps.
[[0;32m  OK  [0m] Reached target Timers.
[[0;32m  OK  [0m] Listening on Socket activation for snappy daemon.
[[0;32m  OK  [0m] Listening on LXD - unix socket.
[[0;32m  OK  [0m] Started iSCSI initiator daemon (iscsid).
         Starting Login to default iSCSI targets...
[[0;32m  OK  [0m] Reached target Sockets.
[[0;32m  OK  [0m] Reached target Basic System.
[[0;32m  OK  [0m] Started Regular background program processing daemon.
[[0;32m  OK  [0m] Started FUSE filesystem for LXC.
         Starting Apply the settings specified in cloud-config...
         Starting LXD - container startup/shutdown...
         Starting System Logging Service...
         Starting LSB: MD monitoring daemon...
         Starting Login Service...
[[0;32m  OK  [0m] Started Snappy daemon.
         Starting Accounts Service...
[[0;32m  OK  [0m] Started ACPI event daemon.
         Starting Auto import assertions from block devices...
         Starting Pollinate to seed the pseudo random number generator...
         Starting LSB: Record successful boot for GRUB...
[[0;32m  OK  [0m] Started D-Bus System Message Bus.
[[0;32m  OK  [0m] Started Deferred execution scheduler.
[[0;32m  OK  [0m] Started Unattended Upgrades Shutdown.
         Starting /etc/rc.local Compatibility...
[   20.501198] cloud-init[1046]: Generating locales (this might take a while)...
[[0;32m  OK  [0m] Started System Logging Service.
[[0;32m  OK  [0m] Started LXD - container startup/shutdown.
[[0;32m  OK  [0m] Started Auto import assertions from block devices.
[[0;32m  OK  [0m] Started /etc/rc.local Compatibility.
[[0;32m  OK  [0m] Started Login to default iSCSI targets.
[[0;32m  OK  [0m] Started LSB: MD monitoring daemon.
[[0;32m  OK  [0m] Started LSB: Record successful boot for GRUB.
[[0;32m  OK  [0m] Started Login Service.
         Starting Authenticate and Authorize Users to Run Privileged Tasks...
[[0;32m  OK  [0m] Reached target Remote File Systems (Pre).
[[0;32m  OK  [0m] Reached target Remote File Systems.
         Starting LSB: daemon to balance interrupts for SMP systems...
         Starting LSB: automatic crash report generation...
         Starting LSB: Set the CPU Frequency Scaling governor to "ondemand"...
         Starting LSB: VirtualBox Linux Additions...
         Starting Permit User Sessions...
[[0;32m  OK  [0m] Started Authenticate and Authorize Users to Run Privileged Tasks.
[[0;32m  OK  [0m] Started Permit User Sessions.
[[0;32m  OK  [0m] Started Accounts Service.
[[0;32m  OK  [0m] Started LSB: Set the CPU Frequency Scaling governor to "ondemand".
[[0;32m  OK  [0m] Started LSB: daemon to balance interrupts for SMP systems.
[[0;32m  OK  [0m] Started LSB: automatic crash report generation.
[   21.232505] cloud-init[1046]:   en_US.UTF-8... done
         Starting Terminate Plymouth Boot Screen...
[   21.259063] cloud-init[1046]: Generation complete.
         Starting Hold until boot process finishes up...
[[0;32m  OK  [0m] Started LSB: VirtualBox Linux Additions.
[[0;32m  OK  [0m] Started Terminate Plymouth Boot Screen.
[[0;32m  OK  [0m] Started Hold until boot process finishes up.
[[0;32m  OK  [0m] Started Getty on tty1.
         Starting Set console scheme...
[[0;32m  OK  [0m] Started Serial Getty on ttyS0.
[[0;32m  OK  [0m] Reached target Login Prompts.
[[0;32m  OK  [0m] Started Set console scheme.
[[0;32m  OK  [0m] Stopped OpenBSD Secure Shell server.
         Starting OpenBSD Secure Shell server...
[[0;32m  OK  [0m] Started OpenBSD Secure Shell server.
[   21.543972] cloud-init[1046]: Cloud-init v. 0.7.9 running 'modules:config' at Sun, 02 Jul 2017 19:09:27 +0000. Up 20.43 seconds.
[[0;32m  OK  [0m] Started Pollinate to seed the pseudo random number generator.
[[0;32m  OK  [0m] Started Apply the settings specified in cloud-config.
[[0;32m  OK  [0m] Reached target Multi-User System.
         Starting Execute cloud user/final scripts...
[[0;32m  OK  [0m] Reached target Graphical Interface.
         Starting Update UTMP about System Runlevel Changes...
[[0;32m  OK  [0m] Started Update UTMP about System Runlevel Changes.
ci-info: no authorized ssh keys fingerprints found for user ubuntu.
<14>Jul  2 19:09:28 ec2: 
<14>Jul  2 19:09:28 ec2: #############################################################
<14>Jul  2 19:09:28 ec2: -----BEGIN SSH HOST KEY FINGERPRINTS-----
<14>Jul  2 19:09:28 ec2: 1024 SHA256:+XPyQg0+3A8wjEcPbBC9vUL7+FdtytFZueO3mGVEuG0 root@ubuntu-xenial (DSA)
<14>Jul  2 19:09:28 ec2: 256 SHA256:0FW7Gfa1y6iHQsKa0SHF8eYiWft0czdVpLRFFLD3+DE root@ubuntu-xenial (ECDSA)
<14>Jul  2 19:09:28 ec2: 256 SHA256:ntzE3g64w5Pgb3awH7u4USO1r+s81F/f8fMiE9O9e00 root@ubuntu-xenial (ED25519)
<14>Jul  2 19:09:28 ec2: 2048 SHA256:afhckLiIUPoPo520VGo1c5Pre9qnRiVXUriqBzmkpDc root@ubuntu-xenial (RSA)
<14>Jul  2 19:09:28 ec2: -----END SSH HOST KEY FINGERPRINTS-----
<14>Jul  2 19:09:28 ec2: #############################################################
-----BEGIN SSH HOST KEY KEYS-----
ecdsa-sha2-nistp256 AAAAE2VjZHNhLXNoYTItbmlzdHAyNTYAAAAIbmlzdHAyNTYAAABBBN44PXyidF4ZmrGKbIe4K6WAQP10p98K+g+r4DNuhplB28OfqV7gy9d0qKGDLz1xe2rrdkp6JId8fS/4aWLm1CM= root@ubuntu-xenial
ssh-ed25519 AAAAC3NzaC1lZDI1NTE5AAAAIPvTacdTu4bZXcm8hIrEjM43kaFLtwNfYYSfiLawadiK root@ubuntu-xenial
ssh-rsa AAAAB3NzaC1yc2EAAAADAQABAAABAQCux/ovj4YL/FwzuQynGRFxtRS49+se6ebv8XgXYeRBHZqUP7t+nsIo1UcykwaykaIeVhjNEOOoJqcpeL6uXx8no06+8v6p/3FIjj0JKWuezfDYar0SRH9TjGlfh6nz+l8u64G2K5KybJ3gqd3jO7kdSd41X1qhNqhZr3kD9sm6FCgBVR97LwExjUws6Clus+cvEp0pyR54GYcE3h4K8kvfYo/rsFUj10FzGz1UkcJMXkOD66+U9aBjwTcIU2JvMzTf0XditnybCW8dEd9JbsCmdzWueb9X6oTCUL1apF5m0nhA/ii4UPp4R2gj93qKXf97lQKs6uH5RhUa4qXtLKX1 root@ubuntu-xenial
-----END SSH HOST KEY KEYS-----
[   21.997716] cloud-init[1301]: Cloud-init v. 0.7.9 running 'modules:final' at Sun, 02 Jul 2017 19:09:28 +0000. Up 21.86 seconds.
[   22.013566] cloud-init[1301]: ci-info: no authorized ssh keys fingerprints found for user ubuntu.
[   22.014370] cloud-init[1301]: Cloud-init v. 0.7.9 finished at Sun, 02 Jul 2017 19:09:28 +0000. Datasource DataSourceNoCloud [seed=/dev/sdb][dsmode=net].  Up 21.99 seconds
[[0;32m  OK  [0m] Started Execute cloud user/final scripts.
[[0;32m  OK  [0m] Reached target Cloud-init target.

Ubuntu 16.04.2 LTS ubuntu-xenial ttyS0

ubuntu-xenial login: 